<html>
	<head>
	  <title>
System Info
</title>
</head>
<body>
Linux pop-os 5.4.0-7642-generic #46~1598628707~20.04~040157c-Ubuntu SMP Fri Aug 28 18:02:16 UTC  x86_64 x86_64 x86_64 GNU/Linux
5.4.0-7642-generic
127.0.1.1
Architecture:                    x86_64
              total        used        free      shared  buff/cache   available
Mem:          3.8Gi       1.3Gi       1.8Gi       2.0Mi       759Mi       2.3Gi
Swap:         4.0Gi          0B       4.0Gi
Filesystem     1K-blocks    Used Available Use% Mounted on
udev             1955924       0   1955924   0% /dev
tmpfs             400232    1788    398444   1% /run
/dev/sda1       16444280 7352212   8237032  48% /
tmpfs            2001156       0   2001156   0% /dev/shm
tmpfs               5120       0      5120   0% /run/lock
tmpfs            2001156       0   2001156   0% /sys/fs/cgroup
/dev/loop0        150016  150016         0 100% /snap/code/45
/dev/loop1         99456   99456         0 100% /snap/core/9993
/dev/loop2        150016  150016         0 100% /snap/code/46
tmpfs             400228      16    400212   1% /run/user/110
tmpfs             400228      20    400208   1% /run/user/1000
/dev/sr0         2221696 2221696         0 100% /media/benstrong/Pop_OS 20.04 amd64
192.168.232.128 
1601931884
cal
Logged in as  whoami
</body>
</html>
